// Vitest Snapshot v1, https://vitest.dev/guide/snapshot.html

exports[`SearchBar > should render searchbar correctly 1`] = `
<div>
  <div>
    <div
      class="search-container"
    >
      <input
        placeholder="Search gifs"
        type="text"
        value=""
      />
      <button>
         Search 
      </button>
    </div>
  </div>
</div>
`;
